[
"## Errors ##",
"Test 'remoteTestDrivers/tauto/tests/foo': dut_constraint: config: expression must be non-empty"
]