[
"## Errors ##",
"Test 'remoteTestDrivers/tauto/tests/foo': dut_constraint: config: compile expression: ",
"  ERROR: \u003cinput\u003e:1:4: undefined field 'setup'",
"   | dut.setup.peripheral.this_is_not_setup",
"   | ...^"
]