[
"## Errors ##",
"RemoteTestDriver 'remoteTestDrivers/tauto': Test names must be unique, found repeated name(s): 'remoteTestDrivers/tauto/tests/baz','remoteTestDrivers/tauto/tests/foo'"
]