[
"## Errors ##",
"RemoteTestDriver names must be unique, found repeated name(s): 'remoteTestDrivers/tast','remoteTestDrivers/tauto'"
]