[
"## Errors ##",
"Test 'remoteTestDrivers/tauto/tests/foo': dut_constraint: some constraint must be set"
]