[
"## Errors ##",
"RemoteTestDriver 'remoteTestDrivers': name must be of the form 'remoteTestDrivers/{remoteTestDriver}', missing name after 'remoteTestDrivers'"
]